// Jest Snapshot v1, https://goo.gl/fbAQLP

exports[`has appropriate html for complicated json 1`] = `
"<span><span class=\\"object\\" style=\\"display: none;\\"><a class=\\"disclosure\\" href=\\"#\\">⊕</a><span class=\\"object syntax\\">{</span><a href=\\"#\\">1 item</a><span class=\\"object syntax\\">}</span></span><span class=\\"object\\" style=\\"display: inline;\\"><a class=\\"disclosure\\" href=\\"#\\">⊖</a><span class=\\"object syntax\\">{</span><span>
</span><span>    </span><span class=\\"key\\">\\"glossary\\"</span><span class=\\"object syntax\\">: </span><span><span class=\\"object\\" style=\\"display: none;\\"><a class=\\"disclosure\\" href=\\"#\\">⊕</a><span class=\\"object syntax\\">{</span><a href=\\"#\\">5 items</a><span class=\\"object syntax\\">}</span></span><span class=\\"object\\" style=\\"display: inline;\\"><a class=\\"disclosure\\" href=\\"#\\">⊖</a><span class=\\"object syntax\\">{</span><span>
</span><span>        </span><span class=\\"key\\">\\"title\\"</span><span class=\\"object syntax\\">: </span><span></span><span class=\\"string\\">\\"example glossary\\"</span><span class=\\"syntax\\">,</span>
<span>        </span><span class=\\"key\\">\\"comprehensive\\"</span><span class=\\"object syntax\\">: </span><span></span><span class=\\"boolean\\">true</span><span class=\\"syntax\\">,</span>
<span>        </span><span class=\\"key\\">\\"link\\"</span><span class=\\"object syntax\\">: </span><span></span><span class=\\"keyword\\">undefined</span><span class=\\"syntax\\">,</span>
<span>        </span><span class=\\"key\\">\\"count\\"</span><span class=\\"object syntax\\">: </span><span></span><span class=\\"number\\">1</span><span class=\\"syntax\\">,</span>
<span>        </span><span class=\\"key\\">\\"GlossDiv\\"</span><span class=\\"object syntax\\">: </span><span><span class=\\"object\\" style=\\"display: none;\\"><a class=\\"disclosure\\" href=\\"#\\">⊕</a><span class=\\"object syntax\\">{</span><a href=\\"#\\">2 items</a><span class=\\"object syntax\\">}</span></span><span class=\\"object\\" style=\\"display: inline;\\"><a class=\\"disclosure\\" href=\\"#\\">⊖</a><span class=\\"object syntax\\">{</span><span>
</span><span>            </span><span class=\\"key\\">\\"title\\"</span><span class=\\"object syntax\\">: </span><span></span><span class=\\"string\\">\\"S\\"</span><span class=\\"syntax\\">,</span>
<span>            </span><span class=\\"key\\">\\"GlossList\\"</span><span class=\\"object syntax\\">: </span><span><span class=\\"object\\" style=\\"display: none;\\"><a class=\\"disclosure\\" href=\\"#\\">⊕</a><span class=\\"object syntax\\">{</span><a href=\\"#\\">1 item</a><span class=\\"object syntax\\">}</span></span><span class=\\"object\\" style=\\"display: inline;\\"><a class=\\"disclosure\\" href=\\"#\\">⊖</a><span class=\\"object syntax\\">{</span><span>
</span><span>                </span><span class=\\"key\\">\\"GlossEntry\\"</span><span class=\\"object syntax\\">: </span><span><span class=\\"object\\" style=\\"display: none;\\"><a class=\\"disclosure\\" href=\\"#\\">⊕</a><span class=\\"object syntax\\">{</span><a href=\\"#\\">7 items</a><span class=\\"object syntax\\">}</span></span><span class=\\"object\\" style=\\"display: inline;\\"><a class=\\"disclosure\\" href=\\"#\\">⊖</a><span class=\\"object syntax\\">{</span><span>
</span><span>                    </span><span class=\\"key\\">\\"ID\\"</span><span class=\\"object syntax\\">: </span><span></span><span class=\\"string\\">\\"SGML\\"</span><span class=\\"syntax\\">,</span>
<span>                    </span><span class=\\"key\\">\\"SortAs\\"</span><span class=\\"object syntax\\">: </span><span></span><span class=\\"string\\">\\"SGML\\"</span><span class=\\"syntax\\">,</span>
<span>                    </span><span class=\\"key\\">\\"GlossTerm\\"</span><span class=\\"object syntax\\">: </span><span></span><span class=\\"string\\">\\"Standard Generalized Markup Language\\"</span><span class=\\"syntax\\">,</span>
<span>                    </span><span class=\\"key\\">\\"Acronym\\"</span><span class=\\"object syntax\\">: </span><span></span><span class=\\"string\\">\\"SGML\\"</span><span class=\\"syntax\\">,</span>
<span>                    </span><span class=\\"key\\">\\"Abbrev\\"</span><span class=\\"object syntax\\">: </span><span></span><span class=\\"string\\">\\"ISO 8879:1986\\"</span><span class=\\"syntax\\">,</span>
<span>                    </span><span class=\\"key\\">\\"GlossDef\\"</span><span class=\\"object syntax\\">: </span><span><span class=\\"object\\" style=\\"display: none;\\"><a class=\\"disclosure\\" href=\\"#\\">⊕</a><span class=\\"object syntax\\">{</span><a href=\\"#\\">2 items</a><span class=\\"object syntax\\">}</span></span><span class=\\"object\\" style=\\"display: inline;\\"><a class=\\"disclosure\\" href=\\"#\\">⊖</a><span class=\\"object syntax\\">{</span><span>
</span><span>                        </span><span class=\\"key\\">\\"para\\"</span><span class=\\"object syntax\\">: </span><span></span><span class=\\"string\\">\\"A meta-markup language, used to create markup languages such as DocBook.\\"</span><span class=\\"syntax\\">,</span>
<span>                        </span><span class=\\"key\\">\\"GlossSeeAlso\\"</span><span class=\\"object syntax\\">: </span><span><span class=\\"array\\" style=\\"display: none;\\"><a class=\\"disclosure\\" href=\\"#\\">⊕</a><span class=\\"array syntax\\">[</span><a href=\\"#\\">2 items</a><span class=\\"array syntax\\">]</span></span><span class=\\"array\\" style=\\"display: inline;\\"><a class=\\"disclosure\\" href=\\"#\\">⊖</a><span class=\\"array syntax\\">[</span><span>
</span><span>                            </span><span class=\\"string\\">\\"GML\\"</span><span class=\\"syntax\\">,</span>
<span>                            </span><span class=\\"string\\">\\"XML\\"</span>
<span>                        </span><span class=\\"array syntax\\">]</span></span></span>
<span>                    </span><span class=\\"object syntax\\">}</span></span></span><span class=\\"syntax\\">,</span>
<span>                    </span><span class=\\"key\\">\\"GlossSee\\"</span><span class=\\"object syntax\\">: </span><span></span><span class=\\"string\\">\\"markup\\"</span>
<span>                </span><span class=\\"object syntax\\">}</span></span></span>
<span>            </span><span class=\\"object syntax\\">}</span></span></span>
<span>        </span><span class=\\"object syntax\\">}</span></span></span>
<span>    </span><span class=\\"object syntax\\">}</span></span></span>
<span></span><span class=\\"object syntax\\">}</span></span></span>"
`;
